Depth  Name                                     #Inst  Area (um^2)
------------------------------------------------------------------
0      SYS_TOP                                  1292   19280.2295 
1      mux2X1_U3                                1      15.2971    
1      DATA_SYNC_I1                             22     480.0936   
1      mux2X1_UO                                1      16.4738    
1      BIT_SYNC_I0                              2      65.8952    
1      mux2X1_U5                                1      15.2971    
1      RegFile_I0                               354    6959.0038  
1      RST_SYNC_I0                              3      69.4253    
1      RST_SYNC_I1                              3      69.4253    
1      mux2X1_U6                                1      16.4738    
1      mux2X1_U2                                1      16.4738    
1      Clock_Gating_I0                          1      57.6583    
1      mux2X1_U4                                1      11.767     
1      mux2X1_U1                                1      16.4738    
1      UART_I0                                  227    2992.3481  
1      ALU_I0                                   436    5454.0045  
1      DATA_SYNC_I0                             22     480.0936   
1      SYS_CTRL_I0                              128    1177.8767  
1      ClkDiv_I0                                42     465.9732   
2      SYS_CTRL_I0/SYS_CTRL_TX_I0               39     338.8896   
2      ALU_I0/sub_62                            11     237.6934   
2      UART_I0/UART_RX_I0                       134    1532.0634  
2      ALU_I0/div_68                            82     1374.3856  
2      DATA_SYNC_I0/MultiFlipFlop               2      65.8952    
2      ALU_I0/mult_65                           169    2067.4619  
2      SYS_CTRL_I0/SYS_CTRL_RX_I0               89     838.9871   
2      DATA_SYNC_I1/MultiFlipFlop               2      65.8952    
2      UART_I0/UART_TX_I0                       87     1309.6671  
2      ALU_I0/add_59                            9      231.8099   
3      UART_I0/UART_RX_I0/deserializer_I        25     357.7168   
3      UART_I0/UART_TX_I0/FSM_I                 18     224.7497   
3      UART_I0/UART_RX_I0/RX_FSM                31     257.6973   
3      ALU_I0/mult_65/FS_1                      27     205.9225   
3      UART_I0/UART_RX_I0/parity_check_I        7      104.7263   
3      UART_I0/UART_RX_I0/stop_check_I          1      5.8835     
3      UART_I0/UART_TX_I0/serializer_I          40     551.8723   
3      UART_I0/UART_TX_I0/Parity_Calc_I         24     469.5033   
3      UART_I0/UART_RX_I0/edge_bit_counter_I    31     373.0139   
3      UART_I0/UART_RX_I0/strt_check_I          1      5.8835     
3      UART_I0/UART_TX_I0/MUX_I                 5      63.5418    
3      UART_I0/UART_RX_I0/data_sampling_I       36     403.6081   
